// Jest Snapshot v1, https://goo.gl/fbAQLP

exports[`App tests Renders the app 1`] = `ShallowWrapper {}`;
