// Jest Snapshot v1, https://goo.gl/fbAQLP

exports[`
 __| CardSet |__ Initialization process Renders the CardSet component 1`] = `ShallowWrapper {}`;

exports[`
- -> | Stats (child) |  	Initialization process Renders the ManageCards component 1`] = `ShallowWrapper {}`;
