// Jest Snapshot v1, https://goo.gl/fbAQLP

exports[`
 __| CardManagement |__  Initialization Matches snapshot 1`] = `ShallowWrapper {}`;

exports[`
- -> | ManageCards (child) |  	Initialization process Renders the ManageCards component 1`] = `ShallowWrapper {}`;
