// Jest Snapshot v1, https://goo.gl/fbAQLP

exports[`
 ___| Select New Stack |___  	Initialization process Renders the ManageCards component 1`] = `ShallowWrapper {}`;

exports[`
 __| Current Stack |__ Initialization process Renders the CardSet component 1`] = `ShallowWrapper {}`;
