// Jest Snapshot v1, https://goo.gl/fbAQLP

exports[`
 __| Navigation |__ Initialization process Renders the Navigation 1`] = `ShallowWrapper {}`;
